Wed, 16 Feb 2011 15:48:56 GMT	Test-Taker Number: 1; Test-Taker Gender: M; Try Number: 1; Attempt Number: 1; Answer Right?: yes; Attempt Profile (in milliseconds): 3681;
Wed, 16 Feb 2011 15:49:4 GMT	Test-Taker Number: 1; Test-Taker Gender: M; Try Number: 2; Attempt Number: 1; Answer Right?: no; Attempt Profile (in milliseconds): 6864;
Wed, 16 Feb 2011 15:49:7 GMT	Test-Taker Number: 1; Test-Taker Gender: M; Try Number: 2; Attempt Number: 2; Answer Right?: yes; Attempt Profile (in milliseconds): 2605;
Wed, 16 Feb 2011 15:49:11 GMT	Test-Taker Number: 1; Test-Taker Gender: M; Try Number: 3; Attempt Number: 1; Answer Right?: yes; Attempt Profile (in milliseconds): 3026;
Wed, 16 Feb 2011 15:49:16 GMT	Test-Taker Number: 1; Test-Taker Gender: M; Try Number: 4; Attempt Number: 1; Answer Right?: yes; Attempt Profile (in milliseconds): 4477;
Wed, 16 Feb 2011 15:53:53 GMT	Test-Taker Number: 1; Test-Taker Gender: M; Try Number: 1; Attempt Number: 1; Answer Right?: yes; Attempt Profile (in milliseconds): 11653;
Wed, 16 Feb 2011 15:54:12 GMT	Test-Taker Number: 1; Test-Taker Gender: M; Try Number: 2; Attempt Number: 1; Answer Right?: yes; Attempt Profile (in milliseconds): 17145;
Wed, 16 Feb 2011 15:54:24 GMT	Test-Taker Number: 1; Test-Taker Gender: M; Try Number: 3; Attempt Number: 1; Answer Right?: yes; Attempt Profile (in milliseconds): 11934;
Sat, 18 Jun 2011 3:55:4 GMT	Test-Taker Number: 1; Test-Taker Gender: M; Try Number: 1; Attempt Number: 1; Answer Right?: yes; Attempt Profile (in milliseconds): 6505;
Sat, 18 Jun 2011 3:55:24 GMT	Test-Taker Number: 1; Test-Taker Gender: M; Try Number: 2; Attempt Number: 1; Answer Right?: yes; Attempt Profile (in milliseconds): 17534;
Sat, 25 Jun 2011 3:51:25 GMT	Test-Taker Number: 1; Test-Taker Gender: M; Try Number: 1; Attempt Number: 1; Answer Right?: no; Attempt Profile (in milliseconds): 16006;
Sat, 25 Jun 2011 3:51:38 GMT	Test-Taker Number: 1; Test-Taker Gender: M; Try Number: 1; Attempt Number: 2; Answer Right?: yes; Attempt Profile (in milliseconds): 11216;
Sat, 25 Jun 2011 3:51:54 GMT	Test-Taker Number: 1; Test-Taker Gender: M; Try Number: 2; Attempt Number: 1; Answer Right?: yes; Attempt Profile (in milliseconds): 11388;
Sat, 25 Jun 2011 3:52:1 GMT	Test-Taker Number: 1; Test-Taker Gender: M; Try Number: 3; Attempt Number: 1; Answer Right?: yes; Attempt Profile (in milliseconds): 6037;
Sat, 25 Jun 2011 3:52:12 GMT	Test-Taker Number: 1; Test-Taker Gender: M; Try Number: 4; Attempt Number: 1; Answer Right?: yes; Attempt Profile (in milliseconds): 9079;
Tue, 7 Feb 2012 15:12:28 GMT	Test-Taker Number: 1; Test-Taker Gender: M; Try Number: 1; Attempt Number: 1; Answer Right?: no; Attempt Profile (in milliseconds): 34695;
Tue, 7 Feb 2012 15:12:36 GMT	Test-Taker Number: 1; Test-Taker Gender: M; Try Number: 1; Attempt Number: 2; Answer Right?: no; Attempt Profile (in milliseconds): 7004;
Tue, 7 Feb 2012 15:12:47 GMT	Test-Taker Number: 1; Test-Taker Gender: M; Try Number: 1; Attempt Number: 3; Answer Right?: yes; Attempt Profile (in milliseconds): 9423;
Tue, 7 Feb 2012 15:13:2 GMT	Test-Taker Number: 1; Test-Taker Gender: M; Try Number: 2; Attempt Number: 1; Answer Right?: yes; Attempt Profile (in milliseconds): 12761;
Sun, 19 Aug 2018 0:43:25 GMT	Test-Taker Number: 1; Test-Taker Gender: M; Try Number: 1; Attempt Number: 1; Answer Right?: yes; Attempt Profile (in milliseconds): 17172;
